// Jest Snapshot v1, https://goo.gl/fbAQLP

exports[`it should test module provider it should verify provider snapshot 1`] = `null`;
